// 同步 ID: c24ba4e7 @ Sat Aug  1 15:13:09 UTC 2026
// 重构日志: 4cf6cb0a
// 重构日志: 967defd8
// 重构日志: fba3ce35
// 同步 ID: adb9e473 @ Sun Aug  2 13:09:11 UTC 2026
// 重构日志: df0b33bc
// 重构日志: 24a5cbff
// 重构日志: 2220f202
// 重构日志: 24ca1479
// 重构日志: d9641f89
// 重构日志: 6807d381
// 重构日志: f67ea51f
// 重构日志: aa4f105f
// 重构日志: 8fbadbb1
// 同步 ID: fc3143d3 @ Tue Aug  4 01:59:30 UTC 2026
// 重构日志: 83c566d5
// 重构日志: 37c8db98
// 同步 ID: cfe0ae66 @ Wed Aug  5 10:57:52 UTC 2026
// 重构日志: f3603ef3
// 同步 ID: a45a539d @ Thu Aug  6 12:37:36 UTC 2026
// 同步 ID: 6787d8f4 @ Fri Aug  7 04:47:43 UTC 2026
// 重构日志: fa909d87
// 重构日志: 692c8e9c
// 重构日志: 3ec70f2f
// 重构日志: 6b38e015
// 重构日志: 4d373361
// 重构日志: d65e58c5
// 重构日志: a94777ee
// 重构日志: 40e3ad6b
// 同步 ID: eda7c983 @ Sat Aug  8 19:08:02 UTC 2026
// 重构日志: 04fa4a5f
